23:38:22  [题集] 计划 63 次 | 本次执行 63 次 | Thinking 开启 / xhigh
23:38:22  [请求] 01/63  A1：权重单位换算 | seed 3407
                 ID A_short_qa-s3407
23:38:37  [进行] 请求 01/63 | 生成推理，尚未收到最终答案 | 输入 119 Token | 已用 15.02s
23:38:52  [进行] 请求 01/63 | 生成推理，尚未收到最终答案 | 输入 119 Token | 已用 30.02s
23:38:54  [结果] [----------------] 1/63  通过
                 总耗时 31.08s | 首输出 0.71s | 最终答案 30.27s
                 Token 输入 119 / 输出 1,060 | 生成 34.88 Token/s（引擎）

23:38:54  [请求] 02/63  A2：量化块与填充 | seed 3407
                 ID A_block_padding-s3407
23:39:03  [结果] [----------------] 2/63  通过
                 总耗时 9.47s | 首输出 0.76s | 最终答案 9.15s
                 Token 输入 120 / 输出 300 | 生成 34.32 Token/s（引擎）

23:39:03  [请求] 03/63  A3：KV 理论容量 | seed 3407
                 ID A_kv-s3407
23:39:18  [进行] 请求 03/63 | 生成推理，尚未收到最终答案 | 输入 130 Token | 已用 15.00s
23:39:20  [结果] [----------------] 3/63  通过
                 总耗时 16.69s | 首输出 0.96s | 最终答案 16.14s
                 Token 输入 130 / 输出 545 | 生成 34.57 Token/s（引擎）

23:39:20  [请求] 04/63  A4：统一显存单位 | seed 3407
                 ID A_headroom-s3407
23:39:35  [进行] 请求 04/63 | 生成推理，尚未收到最终答案 | 输入 116 Token | 已用 15.01s
23:39:50  [进行] 请求 04/63 | 生成推理，尚未收到最终答案 | 输入 116 Token | 已用 30.01s
23:40:05  [进行] 请求 04/63 | 生成推理，尚未收到最终答案 | 输入 116 Token | 已用 45.02s
23:40:20  [进行] 请求 04/63 | 生成推理，尚未收到最终答案 | 输入 116 Token | 已用 1m 00s
23:40:35  [进行] 请求 04/63 | 生成推理，尚未收到最终答案 | 输入 116 Token | 已用 1m 15s
23:40:41  [结果] [#---------------] 4/63  通过
                 总耗时 1m 20s | 首输出 0.63s | 最终答案 1m 20s
                 Token 输入 116 / 输出 2,759 | 生成 34.37 Token/s（引擎）

23:40:41  [请求] 05/63  A5：计时范围 | seed 3407
                 ID A_latency-s3407
23:40:49  [结果] [#---------------] 5/63  通过
                 总耗时 7.32s | 首输出 0.83s | 最终答案 6.69s
                 Token 输入 137 / 输出 225 | 生成 34.50 Token/s（引擎）

23:40:49  [请求] 06/63  B1：平均值分母 | seed 3407
                 ID B_code_debug-s3407
23:41:00  [结果] [#---------------] 6/63  通过
                 总耗时 11.40s | 首输出 0.87s | 最终答案 10.82s
                 Token 输入 137 / 输出 362 | 生成 34.30 Token/s（引擎）

23:41:00  [请求] 07/63  B2：循环边界 | seed 3407
                 ID B_range-s3407
23:41:13  [结果] [#---------------] 7/63  通过
                 总耗时 12.82s | 首输出 0.88s | 最终答案 11.92s
                 Token 输入 144 / 输出 406 | 生成 33.91 Token/s（引擎）

23:41:13  [请求] 08/63  B3：单位常量 | seed 3407
                 ID B_units-s3407
23:41:28  [进行] 请求 08/63 | 生成最终答案 | 输入 136 Token | 已用 15.01s
23:41:29  [结果] [##--------------] 8/63  通过
                 总耗时 15.49s | 首输出 0.81s | 最终答案 14.71s
                 Token 输入 136 / 输出 509 | 生成 34.62 Token/s（引擎）

23:41:29  [请求] 09/63  B4：保留零值 | seed 3407
                 ID B_zero-s3407
23:41:44  [进行] 请求 09/63 | 生成推理，尚未收到最终答案 | 输入 142 Token | 已用 15.01s
23:41:59  [进行] 请求 09/63 | 生成推理，尚未收到最终答案 | 输入 142 Token | 已用 30.01s
23:42:14  [进行] 请求 09/63 | 生成推理，尚未收到最终答案 | 输入 142 Token | 已用 45.02s
23:42:29  [进行] 请求 09/63 | 生成推理，尚未收到最终答案 | 输入 142 Token | 已用 1m 00s
23:42:37  [结果] [##--------------] 9/63  通过
                 总耗时 1m 08s | 首输出 0.89s | 最终答案 1m 07s
                 Token 输入 142 / 输出 2,308 | 生成 34.32 Token/s（引擎）

23:42:37  [请求] 10/63  B5：包含端点 | seed 3407
                 ID B_inclusive-s3407
23:42:46  [结果] [##--------------] 10/63  通过
                 总耗时 7.94s | 首输出 0.75s | 最终答案 7.27s
                 Token 输入 128 / 输出 249 | 生成 34.48 Token/s（引擎）

23:42:46  [请求] 11/63  C1：位置约束 | seed 3407
                 ID C_constraint_reasoning-s3407
23:42:58  [结果] [##--------------] 11/63  通过
                 总耗时 12.18s | 首输出 0.73s | 最终答案 11.69s
                 Token 输入 120 / 输出 395 | 生成 34.42 Token/s（引擎）

23:42:58  [请求] 12/63  C2：依赖调度 | seed 3407
                 ID C_schedule-s3407
23:43:04  [结果] [###-------------] 12/63  通过
                 总耗时 6.43s | 首输出 0.86s | 最终答案 5.94s
                 Token 输入 143 / 输出 194 | 生成 34.66 Token/s（引擎）

23:43:04  [请求] 13/63  C3：容量选择 | seed 3407
                 ID C_knapsack-s3407
23:43:14  [结果] [###-------------] 13/63  通过
                 总耗时 8.87s | 首输出 0.90s | 最终答案 8.36s
                 Token 输入 144 / 输出 273 | 生成 34.10 Token/s（引擎）

23:43:14  [请求] 14/63  C4：可行排列计数 | seed 3407
                 ID C_count-s3407
23:43:29  [进行] 请求 14/63 | 生成推理，尚未收到最终答案 | 输入 111 Token | 已用 15.01s
23:43:44  [进行] 请求 14/63 | 生成推理，尚未收到最终答案 | 输入 111 Token | 已用 30.03s
23:43:59  [进行] 请求 14/63 | 生成推理，尚未收到最终答案 | 输入 111 Token | 已用 45.04s
23:44:12  [结果] [###-------------] 14/63  通过
                 总耗时 58.04s | 首输出 0.77s | 最终答案 57.60s
                 Token 输入 111 / 输出 1,972 | 生成 34.42 Token/s（引擎）

23:44:12  [请求] 15/63  C5：不可满足约束 | seed 3407
                 ID C_unsat-s3407
23:44:17  [结果] [###-------------] 15/63  通过
                 总耗时 5.45s | 首输出 0.83s | 最终答案 5.12s
                 Token 输入 114 / 输出 153 | 生成 32.91 Token/s（引擎）

23:44:17  [请求] 16/63  E1：筛选排序 | seed 3407
                 ID E_instruction_following-s3407
23:44:25  [结果] [####------------] 16/63  通过
                 总耗时 7.26s | 首输出 0.83s | 最终答案 6.83s
                 Token 输入 136 / 输出 223 | 生成 34.53 Token/s（引擎）

23:44:25  [请求] 17/63  E2：并列与边界 | seed 3407
                 ID E_ties-s3407
23:44:33  [结果] [####------------] 17/63  通过
                 总耗时 7.70s | 首输出 0.81s | 最终答案 7.31s
                 Token 输入 128 / 输出 240 | 生成 34.72 Token/s（引擎）

23:44:33  [请求] 18/63  E3：版本与缺失 | seed 3407
                 ID E_versions-s3407
23:44:43  [结果] [####------------] 18/63  通过
                 总耗时 9.62s | 首输出 1.05s | 最终答案 9.25s
                 Token 输入 145 / 输出 299 | 生成 34.80 Token/s（引擎）

23:44:43  [请求] 19/63  E4：类型与嵌套 | seed 3407
                 ID E_nested-s3407
23:44:49  [结果] [####------------] 19/63  通过
                 总耗时 5.91s | 首输出 0.87s | 最终答案 5.11s
                 Token 输入 135 / 输出 176 | 生成 34.71 Token/s（引擎）

23:44:49  [请求] 20/63  E5：空结果 | seed 3407
                 ID E_empty-s3407
23:44:55  [结果] [#####-----------] 20/63  通过
                 总耗时 6.37s | 首输出 0.79s | 最终答案 6.00s
                 Token 输入 130 / 输出 196 | 生成 34.91 Token/s（引擎）

23:44:55  [请求] 21/63  D：长文档检索 | seed 3407
                 ID D_long_context-s3407
23:45:10  [进行] 请求 21/63 | 生成推理，尚未收到最终答案 | 输入 4,616 Token | 已用 15.01s
23:45:25  [进行] 请求 21/63 | 生成推理，尚未收到最终答案 | 输入 4,616 Token | 已用 30.02s
23:45:40  [进行] 请求 21/63 | 生成推理，尚未收到最终答案 | 输入 4,616 Token | 已用 45.02s
23:45:46  [结果] [#####-----------] 21/63  通过
                 总耗时 50.73s | 首输出 7.20s | 最终答案 48.43s
                 Token 输入 4,616 / 输出 1,493 | 生成 34.27 Token/s（引擎）

23:45:46  [请求] 22/63  A1：权重单位换算 | seed 3413
                 ID A_short_qa-s3413
23:46:01  [进行] 请求 22/63 | 生成推理，尚未收到最终答案 | 输入 119 Token | 已用 14.99s
23:46:03  [结果] [#####-----------] 22/63  通过
                 总耗时 17.21s | 首输出 0.91s | 最终答案 16.34s
                 Token 输入 119 / 输出 557 | 生成 34.12 Token/s（引擎）

23:46:03  [请求] 23/63  A2：量化块与填充 | seed 3413
                 ID A_block_padding-s3413
23:46:10  [结果] [#####-----------] 23/63  通过
                 总耗时 6.68s | 首输出 0.81s | 最终答案 6.37s
                 Token 输入 120 / 输出 200 | 生成 33.89 Token/s（引擎）

23:46:10  [请求] 24/63  A3：KV 理论容量 | seed 3413
                 ID A_kv-s3413
23:46:23  [结果] [######----------] 24/63  通过
                 总耗时 12.61s | 首输出 0.79s | 最终答案 12.01s
                 Token 输入 130 / 输出 406 | 生成 34.26 Token/s（引擎）

23:46:23  [请求] 25/63  A4：统一显存单位 | seed 3413
                 ID A_headroom-s3413
23:46:38  [进行] 请求 25/63 | 生成推理，尚未收到最终答案 | 输入 116 Token | 已用 15.01s
23:46:44  [结果] [######----------] 25/63  通过
                 总耗时 20.71s | 首输出 0.70s | 最终答案 20.02s
                 Token 输入 116 / 输出 698 | 生成 34.83 Token/s（引擎）

23:46:44  [请求] 26/63  A5：计时范围 | seed 3413
                 ID A_latency-s3413
23:46:51  [结果] [######----------] 26/63  通过
                 总耗时 7.03s | 首输出 0.80s | 最终答案 6.38s
                 Token 输入 137 / 输出 213 | 生成 34.08 Token/s（引擎）

23:46:51  [请求] 27/63  B1：平均值分母 | seed 3413
                 ID B_code_debug-s3413
23:47:04  [结果] [######----------] 27/63  通过
                 总耗时 12.73s | 首输出 0.95s | 最终答案 12.11s
                 Token 输入 137 / 输出 405 | 生成 34.31 Token/s（引擎）

23:47:04  [请求] 28/63  B2：循环边界 | seed 3413
                 ID B_range-s3413
23:47:19  [结果] [#######---------] 28/63  通过
                 总耗时 14.37s | 首输出 0.90s | 最终答案 13.46s
                 Token 输入 144 / 输出 461 | 生成 34.13 Token/s（引擎）

23:47:19  [请求] 29/63  B3：单位常量 | seed 3413
                 ID B_units-s3413
23:47:34  [进行] 请求 29/63 | 生成推理，尚未收到最终答案 | 输入 136 Token | 已用 15.01s
23:47:49  [进行] 请求 29/63 | 生成推理，尚未收到最终答案 | 输入 136 Token | 已用 30.02s
23:47:54  [结果] [#######---------] 29/63  通过
                 总耗时 34.66s | 首输出 0.85s | 最终答案 33.82s
                 Token 输入 136 / 输出 1,160 | 生成 34.29 Token/s（引擎）

23:47:54  [请求] 30/63  B4：保留零值 | seed 3413
                 ID B_zero-s3413
23:48:09  [进行] 请求 30/63 | 生成推理，尚未收到最终答案 | 输入 142 Token | 已用 15.01s
23:48:24  [进行] 请求 30/63 | 生成推理，尚未收到最终答案 | 输入 142 Token | 已用 30.03s
23:48:25  [结果] [#######---------] 30/63  通过
                 总耗时 31.51s | 首输出 0.85s | 最终答案 30.89s
                 Token 输入 142 / 输出 1,056 | 生成 34.41 Token/s（引擎）

23:48:25  [请求] 31/63  B5：包含端点 | seed 3413
                 ID B_inclusive-s3413
23:48:35  [结果] [#######---------] 31/63  通过
                 总耗时 9.61s | 首输出 0.77s | 最终答案 8.92s
                 Token 输入 128 / 输出 303 | 生成 34.19 Token/s（引擎）

23:48:35  [请求] 32/63  C1：位置约束 | seed 3413
                 ID C_constraint_reasoning-s3413
23:48:50  [进行] 请求 32/63 | 生成推理，尚未收到最终答案 | 输入 120 Token | 已用 15.00s
23:48:52  [结果] [########--------] 32/63  通过
                 总耗时 16.77s | 首输出 0.98s | 最终答案 15.77s
                 Token 输入 120 / 输出 546 | 生成 34.51 Token/s（引擎）

23:48:52  [请求] 33/63  C2：依赖调度 | seed 3413
                 ID C_schedule-s3413
23:49:00  [结果] [########--------] 33/63  通过
                 总耗时 7.36s | 首输出 0.84s | 最终答案 6.84s
                 Token 输入 143 / 输出 223 | 生成 34.07 Token/s（引擎）

23:49:00  [请求] 34/63  C3：容量选择 | seed 3413
                 ID C_knapsack-s3413
23:49:08  [结果] [########--------] 34/63  通过
                 总耗时 8.68s | 首输出 0.87s | 最终答案 8.18s
                 Token 输入 144 / 输出 268 | 生成 34.17 Token/s（引擎）

23:49:08  [请求] 35/63  C4：可行排列计数 | seed 3413
                 ID C_count-s3413
23:49:23  [进行] 请求 35/63 | 生成推理，尚未收到最终答案 | 输入 111 Token | 已用 15.01s
23:49:38  [进行] 请求 35/63 | 生成推理，尚未收到最终答案 | 输入 111 Token | 已用 30.01s
23:49:53  [进行] 请求 35/63 | 生成推理，尚未收到最终答案 | 输入 111 Token | 已用 45.01s
23:50:08  [进行] 请求 35/63 | 生成推理，尚未收到最终答案 | 输入 111 Token | 已用 1m 00s
23:50:22  [结果] [########--------] 35/63  通过
                 总耗时 1m 13s | 首输出 0.80s | 最终答案 1m 12s
                 Token 输入 111 / 输出 2,449 | 生成 33.80 Token/s（引擎）

23:50:22  [请求] 36/63  C5：不可满足约束 | seed 3413
                 ID C_unsat-s3413
23:50:26  [结果] [#########-------] 36/63  通过
                 总耗时 3.48s | 首输出 0.70s | 最终答案 3.16s
                 Token 输入 114 / 输出 97 | 生成 34.58 Token/s（引擎）

23:50:26  [请求] 37/63  E1：筛选排序 | seed 3413
                 ID E_instruction_following-s3413
23:50:32  [结果] [#########-------] 37/63  通过
                 总耗时 6.31s | 首输出 0.79s | 最终答案 5.87s
                 Token 输入 136 / 输出 189 | 生成 34.08 Token/s（引擎）

23:50:32  [请求] 38/63  E2：并列与边界 | seed 3413
                 ID E_ties-s3413
23:50:39  [结果] [#########-------] 38/63  通过
                 总耗时 6.69s | 首输出 0.75s | 最终答案 6.31s
                 Token 输入 128 / 输出 204 | 生成 34.21 Token/s（引擎）

23:50:39  [请求] 39/63  E3：版本与缺失 | seed 3413
                 ID E_versions-s3413
23:50:52  [结果] [#########-------] 39/63  通过
                 总耗时 13.18s | 首输出 0.79s | 最终答案 12.80s
                 Token 输入 145 / 输出 427 | 生成 34.39 Token/s（引擎）

23:50:52  [请求] 40/63  E4：类型与嵌套 | seed 3413
                 ID E_nested-s3413
23:50:59  [结果] [##########------] 40/63  通过
                 总耗时 6.09s | 首输出 0.84s | 最终答案 5.26s
                 Token 输入 135 / 输出 179 | 生成 33.88 Token/s（引擎）

23:50:59  [请求] 41/63  E5：空结果 | seed 3413
                 ID E_empty-s3413
23:51:05  [结果] [##########------] 41/63  通过
                 总耗时 6.06s | 首输出 0.73s | 最终答案 5.69s
                 Token 输入 130 / 输出 184 | 生成 34.34 Token/s（引擎）

23:51:05  [请求] 42/63  D：长文档检索 | seed 3413
                 ID D_long_context-s3413
23:51:20  [进行] 请求 42/63 | 生成推理，尚未收到最终答案 | 输入 4,605 Token | 已用 15.00s
23:51:35  [进行] 请求 42/63 | 生成推理，尚未收到最终答案 | 输入 4,605 Token | 已用 30.02s
23:51:44  [结果] [##########------] 42/63  通过
                 总耗时 39.23s | 首输出 7.22s | 最终答案 36.48s
                 Token 输入 4,605 / 输出 1,097 | 生成 34.24 Token/s（引擎）

23:51:44  [请求] 43/63  A1：权重单位换算 | seed 3433
                 ID A_short_qa-s3433
23:51:59  [进行] 请求 43/63 | 生成推理，尚未收到最终答案 | 输入 119 Token | 已用 15.00s
23:52:02  [结果] [##########------] 43/63  通过
                 总耗时 17.22s | 首输出 0.83s | 最终答案 16.36s
                 Token 输入 119 / 输出 568 | 生成 34.58 Token/s（引擎）

23:52:02  [请求] 44/63  A2：量化块与填充 | seed 3433
                 ID A_block_padding-s3433
23:52:11  [结果] [###########-----] 44/63  通过
                 总耗时 9.18s | 首输出 0.71s | 最终答案 8.87s
                 Token 输入 120 / 输出 292 | 生成 34.35 Token/s（引擎）

23:52:11  [请求] 45/63  A3：KV 理论容量 | seed 3433
                 ID A_kv-s3433
23:52:25  [结果] [###########-----] 45/63  通过
                 总耗时 13.51s | 首输出 0.71s | 最终答案 12.94s
                 Token 输入 130 / 输出 436 | 生成 33.98 Token/s（引擎）

23:52:25  [请求] 46/63  A4：统一显存单位 | seed 3433
                 ID A_headroom-s3433
23:52:40  [进行] 请求 46/63 | 生成推理，尚未收到最终答案 | 输入 116 Token | 已用 15.01s
23:52:49  [结果] [###########-----] 46/63  通过
                 总耗时 23.68s | 首输出 0.72s | 最终答案 22.99s
                 Token 输入 116 / 输出 787 | 生成 34.23 Token/s（引擎）

23:52:49  [请求] 47/63  A5：计时范围 | seed 3433
                 ID A_latency-s3433
23:52:57  [结果] [###########-----] 47/63  通过
                 总耗时 8.11s | 首输出 0.82s | 最终答案 7.44s
                 Token 输入 137 / 输出 245 | 生成 33.50 Token/s（引擎）

23:52:57  [请求] 48/63  B1：平均值分母 | seed 3433
                 ID B_code_debug-s3433
23:53:07  [结果] [############----] 48/63  通过
                 总耗时 9.60s | 首输出 0.85s | 最终答案 9.03s
                 Token 输入 137 / 输出 302 | 生成 34.40 Token/s（引擎）

23:53:07  [请求] 49/63  B2：循环边界 | seed 3433
                 ID B_range-s3433
23:53:22  [结果] [############----] 49/63  通过
                 总耗时 14.60s | 首输出 0.96s | 最终答案 13.74s
                 Token 输入 144 / 输出 459 | 生成 33.56 Token/s（引擎）

23:53:22  [请求] 50/63  B3：单位常量 | seed 3433
                 ID B_units-s3433
23:53:37  [进行] 请求 50/63 | 生成推理，尚未收到最终答案 | 输入 136 Token | 已用 14.99s
23:53:43  [结果] [############----] 50/63  通过
                 总耗时 20.76s | 首输出 0.86s | 最终答案 19.93s
                 Token 输入 136 / 输出 680 | 生成 34.12 Token/s（引擎）

23:53:43  [请求] 51/63  B4：保留零值 | seed 3433
                 ID B_zero-s3433
23:53:56  [结果] [############----] 51/63  通过
                 总耗时 12.82s | 首输出 0.89s | 最终答案 12.17s
                 Token 输入 142 / 输出 410 | 生成 34.28 Token/s（引擎）

23:53:56  [请求] 52/63  B5：包含端点 | seed 3433
                 ID B_inclusive-s3433
23:54:11  [进行] 请求 52/63 | 生成推理，尚未收到最终答案 | 输入 128 Token | 已用 15.02s
23:54:22  [结果] [#############---] 52/63  通过
                 总耗时 26.52s | 首输出 0.70s | 最终答案 25.80s
                 Token 输入 128 / 输出 885 | 生成 34.25 Token/s（引擎）

23:54:22  [请求] 53/63  C1：位置约束 | seed 3433
                 ID C_constraint_reasoning-s3433
23:54:36  [结果] [#############---] 53/63  通过
                 总耗时 13.53s | 首输出 0.72s | 最终答案 13.04s
                 Token 输入 120 / 输出 445 | 生成 34.67 Token/s（引擎）

23:54:36  [请求] 54/63  C2：依赖调度 | seed 3433
                 ID C_schedule-s3433
23:54:45  [结果] [#############---] 54/63  通过
                 总耗时 8.21s | 首输出 0.86s | 最终答案 7.72s
                 Token 输入 143 / 输出 254 | 生成 34.41 Token/s（引擎）

23:54:45  [请求] 55/63  C3：容量选择 | seed 3433
                 ID C_knapsack-s3433
23:54:53  [结果] [#############---] 55/63  通过
                 总耗时 8.43s | 首输出 0.92s | 最终答案 7.94s
                 Token 输入 144 / 输出 255 | 生成 33.81 Token/s（引擎）

23:54:53  [请求] 56/63  C4：可行排列计数 | seed 3433
                 ID C_count-s3433
23:55:08  [进行] 请求 56/63 | 生成推理，尚未收到最终答案 | 输入 111 Token | 已用 15.01s
23:55:23  [进行] 请求 56/63 | 生成推理，尚未收到最终答案 | 输入 111 Token | 已用 30.01s
23:55:38  [进行] 请求 56/63 | 生成推理，尚未收到最终答案 | 输入 111 Token | 已用 45.02s
23:55:48  [结果] [##############--] 56/63  通过
                 总耗时 54.36s | 首输出 0.68s | 最终答案 53.91s
                 Token 输入 111 / 输出 1,859 | 生成 34.61 Token/s（引擎）

23:55:48  [请求] 57/63  C5：不可满足约束 | seed 3433
                 ID C_unsat-s3433
23:55:53  [结果] [##############--] 57/63  通过
                 总耗时 4.89s | 首输出 1.02s | 最终答案 4.57s
                 Token 输入 114 / 输出 134 | 生成 34.32 Token/s（引擎）

23:55:53  [请求] 58/63  E1：筛选排序 | seed 3433
                 ID E_instruction_following-s3433
23:56:01  [结果] [##############--] 58/63  通过
                 总耗时 7.73s | 首输出 0.78s | 最终答案 7.29s
                 Token 输入 136 / 输出 236 | 生成 33.84 Token/s（引擎）

23:56:01  [请求] 59/63  E2：并列与边界 | seed 3433
                 ID E_ties-s3433
23:56:08  [结果] [##############--] 59/63  通过
                 总耗时 6.70s | 首输出 0.69s | 最终答案 6.32s
                 Token 输入 128 / 输出 202 | 生成 33.46 Token/s（引擎）

23:56:08  [请求] 60/63  E3：版本与缺失 | seed 3433
                 ID E_versions-s3433
23:56:18  [结果] [###############-] 60/63  通过
                 总耗时 10.08s | 首输出 0.89s | 最终答案 9.70s
                 Token 输入 145 / 输出 310 | 生成 33.61 Token/s（引擎）

23:56:18  [请求] 61/63  E4：类型与嵌套 | seed 3433
                 ID E_nested-s3433
23:56:25  [结果] [###############-] 61/63  通过
                 总耗时 7.24s | 首输出 0.98s | 最终答案 6.39s
                 Token 输入 135 / 输出 206 | 生成 32.75 Token/s（引擎）

23:56:25  [请求] 62/63  E5：空结果 | seed 3433
                 ID E_empty-s3433
23:56:33  [结果] [###############-] 62/63  通过
                 总耗时 7.51s | 首输出 0.89s | 最终答案 7.11s
                 Token 输入 130 / 输出 222 | 生成 33.39 Token/s（引擎）

23:56:33  [请求] 63/63  D：长文档检索 | seed 3433
                 ID D_long_context-s3433
23:56:48  [进行] 请求 63/63 | 生成推理，尚未收到最终答案 | 输入 4,599 Token | 已用 15.01s
23:57:03  [进行] 请求 63/63 | 生成推理，尚未收到最终答案 | 输入 4,599 Token | 已用 30.01s
23:57:18  [进行] 请求 63/63 | 生成最终答案 | 输入 4,599 Token | 已用 45.01s
23:57:19  [结果] [################] 63/63  通过
                 总耗时 46.00s | 首输出 7.42s | 最终答案 43.87s
                 Token 输入 4,599 / 输出 1,312 | 生成 33.99 Token/s（引擎）

