23:20:36  [题集] 计划 63 次 | 本次执行 63 次 | Thinking 开启 / xhigh
23:20:36  [请求] 01/63  A1：权重单位换算 | seed 3407
                 ID A_short_qa-s3407
23:20:51  [结果] [----------------] 1/63  通过
                 总耗时 14.29s | 首输出 0.78s | 最终答案 13.37s
                 Token 输入 119 / 输出 434 | 生成 32.04 Token/s（引擎）

23:20:51  [请求] 02/63  A2：量化块与填充 | seed 3407
                 ID A_block_padding-s3407
23:20:59  [结果] [----------------] 2/63  通过
                 总耗时 7.71s | 首输出 0.68s | 最终答案 7.37s
                 Token 输入 120 / 输出 224 | 生成 31.72 Token/s（引擎）

23:20:59  [请求] 03/63  A3：KV 理论容量 | seed 3407
                 ID A_kv-s3407
23:21:14  [进行] 请求 03/63 | 生成最终答案 | 输入 130 Token | 已用 15.01s
23:21:14  [结果] [----------------] 3/63  通过
                 总耗时 15.09s | 首输出 0.79s | 最终答案 14.51s
                 Token 输入 130 / 输出 464 | 生成 32.38 Token/s（引擎）

23:21:14  [请求] 04/63  A4：统一显存单位 | seed 3407
                 ID A_headroom-s3407
23:21:29  [进行] 请求 04/63 | 生成推理，尚未收到最终答案 | 输入 116 Token | 已用 15.00s
23:21:44  [进行] 请求 04/63 | 生成推理，尚未收到最终答案 | 输入 116 Token | 已用 30.02s
23:21:47  [结果] [#---------------] 4/63  通过
                 总耗时 33.18s | 首输出 0.68s | 最终答案 32.43s
                 Token 输入 116 / 输出 1,036 | 生成 31.85 Token/s（引擎）

23:21:47  [请求] 05/63  A5：计时范围 | seed 3407
                 ID A_latency-s3407
23:21:55  [结果] [#---------------] 5/63  通过
                 总耗时 7.31s | 首输出 0.78s | 最终答案 6.63s
                 Token 输入 137 / 输出 209 | 生成 31.82 Token/s（引擎）

23:21:55  [请求] 06/63  B1：平均值分母 | seed 3407
                 ID B_code_debug-s3407
23:22:07  [结果] [#---------------] 6/63  通过
                 总耗时 12.29s | 首输出 0.77s | 最终答案 11.63s
                 Token 输入 137 / 输出 364 | 生成 31.53 Token/s（引擎）

23:22:07  [请求] 07/63  B2：循环边界 | seed 3407
                 ID B_range-s3407
23:22:22  [进行] 请求 07/63 | 生成最终答案 | 输入 144 Token | 已用 15.00s
23:22:22  [结果] [#---------------] 7/63  通过
                 总耗时 15.00s | 首输出 0.68s | 最终答案 14.04s
                 Token 输入 144 / 输出 454 | 生成 31.63 Token/s（引擎）

23:22:22  [请求] 08/63  B3：单位常量 | seed 3407
                 ID B_units-s3407
23:22:37  [进行] 请求 08/63 | 生成推理，尚未收到最终答案 | 输入 136 Token | 已用 15.00s
23:22:52  [进行] 请求 08/63 | 生成推理，尚未收到最终答案 | 输入 136 Token | 已用 30.00s
23:23:03  [结果] [##--------------] 8/63  通过
                 总耗时 40.26s | 首输出 0.76s | 最终答案 39.40s
                 Token 输入 136 / 输出 1,275 | 生成 32.26 Token/s（引擎）

23:23:03  [请求] 09/63  B4：保留零值 | seed 3407
                 ID B_zero-s3407
23:23:18  [进行] 请求 09/63 | 生成推理，尚未收到最终答案 | 输入 142 Token | 已用 15.00s
23:23:33  [进行] 请求 09/63 | 生成推理，尚未收到最终答案 | 输入 142 Token | 已用 30.01s
23:23:48  [进行] 请求 09/63 | 生成推理，尚未收到最终答案 | 输入 142 Token | 已用 45.01s
23:23:55  [结果] [##--------------] 9/63  通过
                 总耗时 51.87s | 首输出 0.82s | 最终答案 51.18s
                 Token 输入 142 / 输出 1,637 | 生成 32.05 Token/s（引擎）

23:23:55  [请求] 10/63  B5：包含端点 | seed 3407
                 ID B_inclusive-s3407
23:24:10  [进行] 请求 10/63 | 生成推理，尚未收到最终答案 | 输入 128 Token | 已用 15.00s
23:24:25  [进行] 请求 10/63 | 生成推理，尚未收到最终答案 | 输入 128 Token | 已用 30.02s
23:24:27  [结果] [##--------------] 10/63  通过
                 总耗时 31.59s | 首输出 0.74s | 最终答案 30.75s
                 Token 输入 128 / 输出 1,000 | 生成 32.38 Token/s（引擎）

23:24:27  [请求] 11/63  C1：位置约束 | seed 3407
                 ID C_constraint_reasoning-s3407
23:24:39  [结果] [##--------------] 11/63  通过
                 总耗时 11.68s | 首输出 0.73s | 最终答案 11.14s
                 Token 输入 120 / 输出 352 | 生成 32.04 Token/s（引擎）

23:24:39  [请求] 12/63  C2：依赖调度 | seed 3407
                 ID C_schedule-s3407
23:24:46  [结果] [###-------------] 12/63  通过
                 总耗时 7.24s | 首输出 0.79s | 最终答案 6.72s
                 Token 输入 143 / 输出 207 | 生成 31.93 Token/s（引擎）

23:24:46  [请求] 13/63  C3：容量选择 | seed 3407
                 ID C_knapsack-s3407
23:24:56  [结果] [###-------------] 13/63  通过
                 总耗时 9.34s | 首输出 0.80s | 最终答案 8.82s
                 Token 输入 144 / 输出 262 | 生成 30.57 Token/s（引擎）

23:24:56  [请求] 14/63  C4：可行排列计数 | seed 3407
                 ID C_count-s3407
23:25:11  [进行] 请求 14/63 | 生成推理，尚未收到最终答案 | 输入 111 Token | 已用 15.01s
23:25:26  [进行] 请求 14/63 | 生成推理，尚未收到最终答案 | 输入 111 Token | 已用 30.02s
23:25:29  [结果] [###-------------] 14/63  通过
                 总耗时 33.25s | 首输出 0.67s | 最终答案 32.78s
                 Token 输入 111 / 输出 1,039 | 生成 31.86 Token/s（引擎）

23:25:29  [请求] 15/63  C5：不可满足约束 | seed 3407
                 ID C_unsat-s3407
23:25:33  [结果] [###-------------] 15/63  通过
                 总耗时 4.05s | 首输出 0.77s | 最终答案 3.71s
                 Token 输入 114 / 输出 108 | 生成 32.63 Token/s（引擎）

23:25:33  [请求] 16/63  E1：筛选排序 | seed 3407
                 ID E_instruction_following-s3407
23:25:41  [结果] [####------------] 16/63  通过
                 总耗时 7.64s | 首输出 0.73s | 最终答案 7.17s
                 Token 输入 136 / 输出 224 | 生成 32.28 Token/s（引擎）

23:25:41  [请求] 17/63  E2：并列与边界 | seed 3407
                 ID E_ties-s3407
23:25:48  [结果] [####------------] 17/63  通过
                 总耗时 7.17s | 首输出 0.77s | 最终答案 6.77s
                 Token 输入 128 / 输出 204 | 生成 31.73 Token/s（引擎）

23:25:48  [请求] 18/63  E3：版本与缺失 | seed 3407
                 ID E_versions-s3407
23:25:59  [结果] [####------------] 18/63  通过
                 总耗时 10.21s | 首输出 0.85s | 最终答案 9.79s
                 Token 输入 145 / 输出 285 | 生成 30.32 Token/s（引擎）

23:25:59  [请求] 19/63  E4：类型与嵌套 | seed 3407
                 ID E_nested-s3407
23:26:05  [结果] [####------------] 19/63  通过
                 总耗时 6.08s | 首输出 0.72s | 最终答案 5.22s
                 Token 输入 135 / 输出 176 | 生成 32.69 Token/s（引擎）

23:26:05  [请求] 20/63  E5：空结果 | seed 3407
                 ID E_empty-s3407
23:26:11  [结果] [#####-----------] 20/63  通过
                 总耗时 6.09s | 首输出 0.68s | 最终答案 5.67s
                 Token 输入 130 / 输出 172 | 生成 31.65 Token/s（引擎）

23:26:11  [请求] 21/63  D：长文档检索 | seed 3407
                 ID D_long_context-s3407
23:26:26  [进行] 请求 21/63 | 生成推理，尚未收到最终答案 | 输入 4,616 Token | 已用 15.01s
23:26:41  [进行] 请求 21/63 | 生成推理，尚未收到最终答案 | 输入 4,616 Token | 已用 30.03s
23:26:50  [结果] [#####-----------] 21/63  通过
                 总耗时 38.79s | 首输出 6.88s | 最终答案 35.72s
                 Token 输入 4,616 / 输出 1,032 | 生成 32.31 Token/s（引擎）

23:26:50  [请求] 22/63  A1：权重单位换算 | seed 3413
                 ID A_short_qa-s3413
23:27:05  [进行] 请求 22/63 | 生成推理，尚未收到最终答案 | 输入 119 Token | 已用 15.00s
23:27:20  [进行] 请求 22/63 | 生成推理，尚未收到最终答案 | 输入 119 Token | 已用 30.02s
23:27:23  [结果] [#####-----------] 22/63  通过
                 总耗时 32.66s | 首输出 0.80s | 最终答案 31.74s
                 Token 输入 119 / 输出 1,036 | 生成 32.48 Token/s（引擎）

23:27:23  [请求] 23/63  A2：量化块与填充 | seed 3413
                 ID A_block_padding-s3413
23:27:31  [结果] [#####-----------] 23/63  通过
                 总耗时 7.65s | 首输出 0.78s | 最终答案 7.32s
                 Token 输入 120 / 输出 226 | 生成 32.74 Token/s（引擎）

23:27:31  [请求] 24/63  A3：KV 理论容量 | seed 3413
                 ID A_kv-s3413
23:27:43  [结果] [######----------] 24/63  通过
                 总耗时 11.94s | 首输出 0.79s | 最终答案 11.30s
                 Token 输入 130 / 输出 366 | 生成 32.73 Token/s（引擎）

23:27:43  [请求] 25/63  A4：统一显存单位 | seed 3413
                 ID A_headroom-s3413
23:27:58  [进行] 请求 25/63 | 生成推理，尚未收到最终答案 | 输入 116 Token | 已用 15.00s
23:28:13  [进行] 请求 25/63 | 生成推理，尚未收到最终答案 | 输入 116 Token | 已用 30.02s
23:28:28  [进行] 请求 25/63 | 生成推理，尚未收到最终答案 | 输入 116 Token | 已用 45.03s
23:28:43  [进行] 请求 25/63 | 生成推理，尚未收到最终答案 | 输入 116 Token | 已用 1m 00s
23:28:58  [进行] 请求 25/63 | 生成推理，尚未收到最终答案 | 输入 116 Token | 已用 1m 15s
23:29:00  [结果] [######----------] 25/63  通过
                 总耗时 1m 16s | 首输出 0.76s | 最终答案 1m 15s
                 Token 输入 116 / 输出 2,448 | 生成 32.23 Token/s（引擎）

23:29:00  [请求] 26/63  A5：计时范围 | seed 3413
                 ID A_latency-s3413
23:29:08  [结果] [######----------] 26/63  通过
                 总耗时 8.33s | 首输出 0.76s | 最终答案 7.66s
                 Token 输入 137 / 输出 246 | 生成 32.34 Token/s（引擎）

23:29:08  [请求] 27/63  B1：平均值分母 | seed 3413
                 ID B_code_debug-s3413
23:29:19  [结果] [######----------] 27/63  通过
                 总耗时 10.46s | 首输出 0.72s | 最终答案 9.90s
                 Token 输入 137 / 输出 309 | 生成 31.63 Token/s（引擎）

23:29:19  [请求] 28/63  B2：循环边界 | seed 3413
                 ID B_range-s3413
23:29:34  [进行] 请求 28/63 | 生成最终答案 | 输入 144 Token | 已用 14.99s
23:29:35  [结果] [#######---------] 28/63  通过
                 总耗时 15.50s | 首输出 0.72s | 最终答案 14.53s
                 Token 输入 144 / 输出 474 | 生成 32.00 Token/s（引擎）

23:29:35  [请求] 29/63  B3：单位常量 | seed 3413
                 ID B_units-s3413
23:29:50  [进行] 请求 29/63 | 生成最终答案 | 输入 136 Token | 已用 15.01s
23:29:50  [结果] [#######---------] 29/63  通过
                 总耗时 15.22s | 首输出 0.78s | 最终答案 14.40s
                 Token 输入 136 / 输出 472 | 生成 32.60 Token/s（引擎）

23:29:50  [请求] 30/63  B4：保留零值 | seed 3413
                 ID B_zero-s3413
23:30:05  [进行] 请求 30/63 | 生成推理，尚未收到最终答案 | 输入 142 Token | 已用 15.01s
23:30:13  [结果] [#######---------] 30/63  通过
                 总耗时 22.40s | 首输出 0.70s | 最终答案 21.71s
                 Token 输入 142 / 输出 699 | 生成 32.17 Token/s（引擎）

23:30:13  [请求] 31/63  B5：包含端点 | seed 3413
                 ID B_inclusive-s3413
23:30:23  [结果] [#######---------] 31/63  通过
                 总耗时 10.28s | 首输出 0.72s | 最终答案 9.57s
                 Token 输入 128 / 输出 307 | 生成 31.99 Token/s（引擎）

23:30:23  [请求] 32/63  C1：位置约束 | seed 3413
                 ID C_constraint_reasoning-s3413
23:30:38  [进行] 请求 32/63 | 生成推理，尚未收到最终答案 | 输入 120 Token | 已用 15.00s
23:30:40  [结果] [########--------] 32/63  通过
                 总耗时 16.93s | 首输出 0.73s | 最终答案 15.85s
                 Token 输入 120 / 输出 528 | 生成 32.53 Token/s（引擎）

23:30:40  [请求] 33/63  C2：依赖调度 | seed 3413
                 ID C_schedule-s3413
23:30:50  [结果] [########--------] 33/63  通过
                 总耗时 9.14s | 首输出 0.75s | 最终答案 8.62s
                 Token 输入 143 / 输出 270 | 生成 32.09 Token/s（引擎）

23:30:50  [请求] 34/63  C3：容量选择 | seed 3413
                 ID C_knapsack-s3413
23:31:01  [结果] [########--------] 34/63  通过
                 总耗时 11.31s | 首输出 0.87s | 最终答案 10.78s
                 Token 输入 144 / 输出 337 | 生成 32.17 Token/s（引擎）

23:31:01  [请求] 35/63  C4：可行排列计数 | seed 3413
                 ID C_count-s3413
23:31:13  [结果] [########--------] 35/63  通过
                 总耗时 11.18s | 首输出 0.68s | 最终答案 10.72s
                 Token 输入 111 / 输出 339 | 生成 32.20 Token/s（引擎）

23:31:13  [请求] 36/63  C5：不可满足约束 | seed 3413
                 ID C_unsat-s3413
23:31:18  [结果] [#########-------] 36/63  通过
                 总耗时 5.28s | 首输出 0.81s | 最终答案 4.93s
                 Token 输入 114 / 输出 147 | 生成 32.69 Token/s（引擎）

23:31:18  [请求] 37/63  E1：筛选排序 | seed 3413
                 ID E_instruction_following-s3413
23:31:24  [结果] [#########-------] 37/63  通过
                 总耗时 5.99s | 首输出 0.74s | 最终答案 5.53s
                 Token 输入 136 / 输出 171 | 生成 32.38 Token/s（引擎）

23:31:24  [请求] 38/63  E2：并列与边界 | seed 3413
                 ID E_ties-s3413
23:31:36  [结果] [#########-------] 38/63  通过
                 总耗时 11.65s | 首输出 0.80s | 最终答案 11.25s
                 Token 输入 128 / 输出 353 | 生成 32.44 Token/s（引擎）

23:31:36  [请求] 39/63  E3：版本与缺失 | seed 3413
                 ID E_versions-s3413
23:31:46  [结果] [#########-------] 39/63  通过
                 总耗时 9.38s | 首输出 0.76s | 最终答案 8.64s
                 Token 输入 145 / 输出 268 | 生成 30.97 Token/s（引擎）

23:31:46  [请求] 40/63  E4：类型与嵌套 | seed 3413
                 ID E_nested-s3413
23:31:52  [结果] [##########------] 40/63  通过
                 总耗时 6.23s | 首输出 0.71s | 最终答案 5.36s
                 Token 输入 135 / 输出 178 | 生成 32.06 Token/s（引擎）

23:31:52  [请求] 41/63  E5：空结果 | seed 3413
                 ID E_empty-s3413
23:31:57  [结果] [##########------] 41/63  通过
                 总耗时 4.25s | 首输出 0.67s | 最终答案 3.86s
                 Token 输入 130 / 输出 118 | 生成 32.71 Token/s（引擎）

23:31:57  [请求] 42/63  D：长文档检索 | seed 3413
                 ID D_long_context-s3413
23:32:12  [进行] 请求 42/63 | 生成推理，尚未收到最终答案 | 输入 4,605 Token | 已用 15.01s
23:32:27  [进行] 请求 42/63 | 生成推理，尚未收到最终答案 | 输入 4,605 Token | 已用 30.01s
23:32:42  [进行] 请求 42/63 | 生成推理，尚未收到最终答案 | 输入 4,605 Token | 已用 45.01s
23:32:57  [进行] 请求 42/63 | 生成最终答案 | 输入 4,605 Token | 已用 1m 00s
23:32:58  [结果] [##########------] 42/63  通过
                 总耗时 1m 01s | 首输出 6.33s | 最终答案 58.42s
                 Token 输入 4,605 / 输出 1,760 | 生成 31.97 Token/s（引擎）

23:32:58  [请求] 43/63  A1：权重单位换算 | seed 3433
                 ID A_short_qa-s3433
23:33:13  [进行] 请求 43/63 | 生成推理，尚未收到最终答案 | 输入 119 Token | 已用 14.99s
23:33:16  [结果] [##########------] 43/63  通过
                 总耗时 17.90s | 首输出 0.83s | 最终答案 16.98s
                 Token 输入 119 / 输出 551 | 生成 32.22 Token/s（引擎）

23:33:16  [请求] 44/63  A2：量化块与填充 | seed 3433
                 ID A_block_padding-s3433
23:33:21  [结果] [###########-----] 44/63  通过
                 总耗时 5.12s | 首输出 0.76s | 最终答案 4.77s
                 Token 输入 120 / 输出 143 | 生成 32.53 Token/s（引擎）

23:33:21  [请求] 45/63  A3：KV 理论容量 | seed 3433
                 ID A_kv-s3433
23:33:33  [结果] [###########-----] 45/63  通过
                 总耗时 11.42s | 首输出 0.73s | 最终答案 10.76s
                 Token 输入 130 / 输出 344 | 生成 32.08 Token/s（引擎）

23:33:33  [请求] 46/63  A4：统一显存单位 | seed 3433
                 ID A_headroom-s3433
23:33:48  [进行] 请求 46/63 | 生成推理，尚未收到最终答案 | 输入 116 Token | 已用 15.00s
23:33:57  [结果] [###########-----] 46/63  通过
                 总耗时 24.16s | 首输出 0.67s | 最终答案 23.40s
                 Token 输入 116 / 输出 757 | 生成 32.18 Token/s（引擎）

23:33:57  [请求] 47/63  A5：计时范围 | seed 3433
                 ID A_latency-s3433
23:34:06  [结果] [###########-----] 47/63  通过
                 总耗时 8.26s | 首输出 0.70s | 最终答案 7.58s
                 Token 输入 137 / 输出 247 | 生成 32.56 Token/s（引擎）

23:34:06  [请求] 48/63  B1：平均值分母 | seed 3433
                 ID B_code_debug-s3433
23:34:19  [结果] [############----] 48/63  通过
                 总耗时 12.93s | 首输出 0.79s | 最终答案 12.31s
                 Token 输入 137 / 输出 389 | 生成 31.95 Token/s（引擎）

23:34:19  [请求] 49/63  B2：循环边界 | seed 3433
                 ID B_range-s3433
23:34:34  [进行] 请求 49/63 | 生成推理，尚未收到最终答案 | 输入 144 Token | 已用 15.02s
23:34:39  [结果] [############----] 49/63  通过
                 总耗时 20.30s | 首输出 0.67s | 最终答案 19.30s
                 Token 输入 144 / 输出 627 | 生成 31.89 Token/s（引擎）

23:34:39  [请求] 50/63  B3：单位常量 | seed 3433
                 ID B_units-s3433
23:34:54  [结果] [############----] 50/63  通过
                 总耗时 14.45s | 首输出 0.75s | 最终答案 13.62s
                 Token 输入 136 / 输出 448 | 生成 32.61 Token/s（引擎）

23:34:54  [请求] 51/63  B4：保留零值 | seed 3433
                 ID B_zero-s3433
23:35:09  [结果] [############----] 51/63  通过
                 总耗时 14.38s | 首输出 0.76s | 最终答案 13.70s
                 Token 输入 142 / 输出 440 | 生成 32.22 Token/s（引擎）

23:35:09  [请求] 52/63  B5：包含端点 | seed 3433
                 ID B_inclusive-s3433
23:35:21  [结果] [#############---] 52/63  通过
                 总耗时 12.56s | 首输出 0.73s | 最终答案 11.49s
                 Token 输入 128 / 输出 382 | 生成 32.19 Token/s（引擎）

23:35:21  [请求] 53/63  C1：位置约束 | seed 3433
                 ID C_constraint_reasoning-s3433
23:35:34  [结果] [#############---] 53/63  通过
                 总耗时 12.76s | 首输出 0.74s | 最终答案 11.69s
                 Token 输入 120 / 输出 394 | 生成 32.71 Token/s（引擎）

23:35:34  [请求] 54/63  C2：依赖调度 | seed 3433
                 ID C_schedule-s3433
23:35:42  [结果] [#############---] 54/63  通过
                 总耗时 8.03s | 首输出 0.73s | 最终答案 7.47s
                 Token 输入 143 / 输出 222 | 生成 30.30 Token/s（引擎）

23:35:42  [请求] 55/63  C3：容量选择 | seed 3433
                 ID C_knapsack-s3433
23:35:51  [结果] [#############---] 55/63  通过
                 总耗时 8.29s | 首输出 0.84s | 最终答案 7.77s
                 Token 输入 144 / 输出 244 | 生成 32.59 Token/s（引擎）

23:35:51  [请求] 56/63  C4：可行排列计数 | seed 3433
                 ID C_count-s3433
23:36:06  [进行] 请求 56/63 | 生成推理，尚未收到最终答案 | 输入 111 Token | 已用 15.00s
23:36:17  [结果] [##############--] 56/63  通过
                 总耗时 26.08s | 首输出 0.64s | 最终答案 25.61s
                 Token 输入 111 / 输出 819 | 生成 32.16 Token/s（引擎）

23:36:17  [请求] 57/63  C5：不可满足约束 | seed 3433
                 ID C_unsat-s3433
23:36:22  [结果] [##############--] 57/63  通过
                 总耗时 4.82s | 首输出 0.65s | 最终答案 4.49s
                 Token 输入 114 / 输出 134 | 生成 31.88 Token/s（引擎）

23:36:22  [请求] 58/63  E1：筛选排序 | seed 3433
                 ID E_instruction_following-s3433
23:36:30  [结果] [##############--] 58/63  通过
                 总耗时 7.60s | 首输出 0.76s | 最终答案 7.13s
                 Token 输入 136 / 输出 220 | 生成 32.03 Token/s（引擎）

23:36:30  [请求] 59/63  E2：并列与边界 | seed 3433
                 ID E_ties-s3433
23:36:39  [结果] [##############--] 59/63  通过
                 总耗时 9.15s | 首输出 0.68s | 最终答案 8.74s
                 Token 输入 128 / 输出 274 | 生成 32.25 Token/s（引擎）

23:36:39  [请求] 60/63  E3：版本与缺失 | seed 3433
                 ID E_versions-s3433
23:36:51  [结果] [###############-] 60/63  通过
                 总耗时 11.06s | 首输出 0.76s | 最终答案 10.64s
                 Token 输入 145 / 输出 330 | 生成 31.97 Token/s（引擎）

23:36:51  [请求] 61/63  E4：类型与嵌套 | seed 3433
                 ID E_nested-s3433
23:36:57  [结果] [###############-] 61/63  通过
                 总耗时 6.12s | 首输出 0.71s | 最终答案 5.25s
                 Token 输入 135 / 输出 174 | 生成 31.97 Token/s（引擎）

23:36:57  [请求] 62/63  E5：空结果 | seed 3433
                 ID E_empty-s3433
23:37:05  [结果] [###############-] 62/63  通过
                 总耗时 8.10s | 首输出 0.73s | 最终答案 7.69s
                 Token 输入 130 / 输出 236 | 生成 31.88 Token/s（引擎）

23:37:05  [请求] 63/63  D：长文档检索 | seed 3433
                 ID D_long_context-s3433
23:37:20  [进行] 请求 63/63 | 生成推理，尚未收到最终答案 | 输入 4,599 Token | 已用 15.01s
23:37:35  [进行] 请求 63/63 | 生成推理，尚未收到最终答案 | 输入 4,599 Token | 已用 30.02s
23:37:50  [进行] 请求 63/63 | 生成推理，尚未收到最终答案 | 输入 4,599 Token | 已用 45.03s
23:38:05  [进行] 请求 63/63 | 生成最终答案 | 输入 4,599 Token | 已用 1m 00s
23:38:08  [结果] [################] 63/63  通过
                 总耗时 1m 02s | 首输出 6.47s | 最终答案 59.84s
                 Token 输入 4,599 / 输出 1,817 | 生成 32.30 Token/s（引擎）

