A_short_qa-s3407: completed, task_success=False
A_block_padding-s3407: completed, task_success=False
A_kv-s3407: completed, task_success=False
A_headroom-s3407: completed, task_success=False
A_latency-s3407: completed, task_success=False
B_code_debug-s3407: completed, task_success=False
B_range-s3407: completed, task_success=False
B_units-s3407: completed, task_success=False
B_zero-s3407: completed, task_success=False
B_inclusive-s3407: completed, task_success=False
C_constraint_reasoning-s3407: completed, task_success=False
C_schedule-s3407: completed, task_success=False
C_knapsack-s3407: completed, task_success=False
C_count-s3407: completed, task_success=False
C_unsat-s3407: completed, task_success=False
E_instruction_following-s3407: completed, task_success=False
E_ties-s3407: completed, task_success=False
E_versions-s3407: completed, task_success=False
E_nested-s3407: completed, task_success=False
E_empty-s3407: completed, task_success=False
D_long_context-s3407: completed, task_success=False
A_short_qa-s3413: completed, task_success=False
A_block_padding-s3413: completed, task_success=False
A_kv-s3413: completed, task_success=False
A_headroom-s3413: completed, task_success=False
A_latency-s3413: completed, task_success=False
B_code_debug-s3413: completed, task_success=False
B_range-s3413: completed, task_success=False
B_units-s3413: completed, task_success=False
B_zero-s3413: completed, task_success=False
B_inclusive-s3413: completed, task_success=False
C_constraint_reasoning-s3413: completed, task_success=False
C_schedule-s3413: completed, task_success=False
C_knapsack-s3413: completed, task_success=False
C_count-s3413: completed, task_success=False
C_unsat-s3413: completed, task_success=False
E_instruction_following-s3413: completed, task_success=False
E_ties-s3413: completed, task_success=False
E_versions-s3413: completed, task_success=False
E_nested-s3413: completed, task_success=False
E_empty-s3413: completed, task_success=False
D_long_context-s3413: completed, task_success=False
A_short_qa-s3433: completed, task_success=False
A_block_padding-s3433: completed, task_success=False
A_kv-s3433: completed, task_success=False
A_headroom-s3433: completed, task_success=False
A_latency-s3433: completed, task_success=False
B_code_debug-s3433: completed, task_success=False
B_range-s3433: completed, task_success=False
B_units-s3433: completed, task_success=False
B_zero-s3433: completed, task_success=False
B_inclusive-s3433: completed, task_success=False
C_constraint_reasoning-s3433: completed, task_success=False
C_schedule-s3433: completed, task_success=False
C_knapsack-s3433: completed, task_success=False
C_count-s3433: completed, task_success=False
C_unsat-s3433: completed, task_success=False
E_instruction_following-s3433: completed, task_success=False
E_ties-s3433: completed, task_success=False
E_versions-s3433: completed, task_success=False
E_nested-s3433: completed, task_success=False
E_empty-s3433: completed, task_success=False
D_long_context-s3433: completed, task_success=False
