23:04:52  [题集] 计划 63 次 | 本次执行 63 次 | Thinking 开启 / xhigh
23:04:52  [请求] 01/63  A1：权重单位换算 | seed 3407
                 ID A_short_qa-s3407
23:05:07  [进行] 请求 01/63 | 生成最终答案 | 输入 119 Token | 已用 15.01s
23:05:08  [结果] [----------------] 1/63  通过
                 总耗时 15.58s | 首输出 0.94s | 最终答案 14.73s
                 Token 输入 119 / 输出 518 | 生成 35.32 Token/s（引擎）

23:05:08  [请求] 02/63  A2：量化块与填充 | seed 3407
                 ID A_block_padding-s3407
23:05:14  [结果] [----------------] 2/63  通过
                 总耗时 5.69s | 首输出 0.75s | 最终答案 5.37s
                 Token 输入 120 / 输出 174 | 生成 35.03 Token/s（引擎）

23:05:14  [请求] 03/63  A3：KV 理论容量 | seed 3407
                 ID A_kv-s3407
23:05:22  [结果] [----------------] 3/63  通过
                 总耗时 7.87s | 首输出 0.80s | 最终答案 7.32s
                 Token 输入 130 / 输出 248 | 生成 34.93 Token/s（引擎）

23:05:22  [请求] 04/63  A4：统一显存单位 | seed 3407
                 ID A_headroom-s3407
23:05:37  [进行] 请求 04/63 | 生成推理，尚未收到最终答案 | 输入 116 Token | 已用 15.00s
23:05:48  [结果] [#---------------] 4/63  通过
                 总耗时 25.63s | 首输出 0.74s | 最终答案 24.95s
                 Token 输入 116 / 输出 880 | 生成 35.31 Token/s（引擎）

23:05:48  [请求] 05/63  A5：计时范围 | seed 3407
                 ID A_latency-s3407
23:05:57  [结果] [#---------------] 5/63  通过
                 总耗时 9.03s | 首输出 0.74s | 最终答案 8.41s
                 Token 输入 137 / 输出 293 | 生成 35.23 Token/s（引擎）

23:05:57  [请求] 06/63  B1：平均值分母 | seed 3407
                 ID B_code_debug-s3407
23:06:12  [进行] 请求 06/63 | 生成推理，尚未收到最终答案 | 输入 137 Token | 已用 15.02s
23:06:13  [结果] [#---------------] 6/63  通过
                 总耗时 15.78s | 首输出 0.75s | 最终答案 15.21s
                 Token 输入 137 / 输出 523 | 生成 34.72 Token/s（引擎）

23:06:13  [请求] 07/63  B2：循环边界 | seed 3407
                 ID B_range-s3407
23:06:27  [结果] [#---------------] 7/63  通过
                 总耗时 14.32s | 首输出 0.68s | 最终答案 13.47s
                 Token 输入 144 / 输出 476 | 生成 34.81 Token/s（引擎）

23:06:27  [请求] 08/63  B3：单位常量 | seed 3407
                 ID B_units-s3407
23:06:42  [进行] 请求 08/63 | 生成推理，尚未收到最终答案 | 输入 136 Token | 已用 14.99s
23:06:45  [结果] [##--------------] 8/63  通过
                 总耗时 17.82s | 首输出 0.71s | 最终答案 17.04s
                 Token 输入 136 / 输出 606 | 生成 35.36 Token/s（引擎）

23:06:45  [请求] 09/63  B4：保留零值 | seed 3407
                 ID B_zero-s3407
23:06:55  [结果] [##--------------] 9/63  通过
                 总耗时 8.92s | 首输出 0.75s | 最终答案 8.30s
                 Token 输入 142 / 输出 290 | 生成 35.40 Token/s（引擎）

23:06:55  [请求] 10/63  B5：包含端点 | seed 3407
                 ID B_inclusive-s3407
23:07:10  [进行] 请求 10/63 | 生成推理，尚未收到最终答案 | 输入 128 Token | 已用 15.01s
23:07:14  [结果] [##--------------] 10/63  通过
                 总耗时 19.31s | 首输出 0.75s | 最终答案 18.62s
                 Token 输入 128 / 输出 647 | 生成 34.82 Token/s（引擎）

23:07:14  [请求] 11/63  C1：位置约束 | seed 3407
                 ID C_constraint_reasoning-s3407
23:07:24  [结果] [##--------------] 11/63  通过
                 总耗时 9.40s | 首输出 0.73s | 最终答案 8.92s
                 Token 输入 120 / 输出 307 | 生成 35.30 Token/s（引擎）

23:07:24  [请求] 12/63  C2：依赖调度 | seed 3407
                 ID C_schedule-s3407
23:07:32  [结果] [###-------------] 12/63  通过
                 总耗时 7.67s | 首输出 0.79s | 最终答案 7.18s
                 Token 输入 143 / 输出 242 | 生成 35.01 Token/s（引擎）

23:07:32  [请求] 13/63  C3：容量选择 | seed 3407
                 ID C_knapsack-s3407
23:07:41  [结果] [###-------------] 13/63  通过
                 总耗时 9.35s | 首输出 0.70s | 最终答案 8.83s
                 Token 输入 144 / 输出 301 | 生成 34.69 Token/s（引擎）

23:07:41  [请求] 14/63  C4：可行排列计数 | seed 3407
                 ID C_count-s3407
23:07:56  [进行] 请求 14/63 | 生成推理，尚未收到最终答案 | 输入 111 Token | 已用 15.02s
23:07:59  [结果] [###-------------] 14/63  通过
                 总耗时 17.82s | 首输出 0.70s | 最终答案 17.40s
                 Token 输入 111 / 输出 606 | 生成 35.34 Token/s（引擎）

23:07:59  [请求] 15/63  C5：不可满足约束 | seed 3407
                 ID C_unsat-s3407
23:08:04  [结果] [###-------------] 15/63  通过
                 总耗时 4.19s | 首输出 0.72s | 最终答案 3.88s
                 Token 输入 114 / 输出 124 | 生成 35.44 Token/s（引擎）

23:08:04  [请求] 16/63  E1：筛选排序 | seed 3407
                 ID E_instruction_following-s3407
23:08:11  [结果] [####------------] 16/63  通过
                 总耗时 7.06s | 首输出 0.73s | 最终答案 6.63s
                 Token 输入 136 / 输出 225 | 生成 35.42 Token/s（引擎）

23:08:11  [请求] 17/63  E2：并列与边界 | seed 3407
                 ID E_ties-s3407
23:08:19  [结果] [####------------] 17/63  通过
                 总耗时 8.49s | 首输出 0.64s | 最终答案 8.12s
                 Token 输入 128 / 输出 276 | 生成 35.05 Token/s（引擎）

23:08:19  [请求] 18/63  E3：版本与缺失 | seed 3407
                 ID E_versions-s3407
23:08:28  [结果] [####------------] 18/63  通过
                 总耗时 8.44s | 首输出 0.66s | 最终答案 8.06s
                 Token 输入 145 / 输出 271 | 生成 34.73 Token/s（引擎）

23:08:28  [请求] 19/63  E4：类型与嵌套 | seed 3407
                 ID E_nested-s3407
23:08:34  [结果] [####------------] 19/63  通过
                 总耗时 5.92s | 首输出 0.75s | 最终答案 5.10s
                 Token 输入 135 / 输出 179 | 生成 34.47 Token/s（引擎）

23:08:34  [请求] 20/63  E5：空结果 | seed 3407
                 ID E_empty-s3407
23:08:39  [结果] [#####-----------] 20/63  通过
                 总耗时 4.88s | 首输出 0.76s | 最终答案 4.51s
                 Token 输入 130 / 输出 145 | 生成 34.98 Token/s（引擎）

23:08:39  [请求] 21/63  D：长文档检索 | seed 3407
                 ID D_long_context-s3407
23:08:54  [进行] 请求 21/63 | 生成推理，尚未收到最终答案 | 输入 4,616 Token | 已用 15.00s
23:09:09  [进行] 请求 21/63 | 生成推理，尚未收到最终答案 | 输入 4,616 Token | 已用 30.01s
23:09:14  [结果] [#####-----------] 21/63  通过
                 总耗时 34.56s | 首输出 6.61s | 最终答案 31.71s
                 Token 输入 4,616 / 输出 974 | 生成 34.82 Token/s（引擎）

23:09:14  [请求] 22/63  A1：权重单位换算 | seed 3413
                 ID A_short_qa-s3413
23:09:28  [结果] [#####-----------] 22/63  通过
                 总耗时 13.18s | 首输出 0.95s | 最终答案 12.38s
                 Token 输入 119 / 输出 432 | 生成 35.22 Token/s（引擎）

23:09:28  [请求] 23/63  A2：量化块与填充 | seed 3413
                 ID A_block_padding-s3413
23:09:35  [结果] [#####-----------] 23/63  通过
                 总耗时 7.12s | 首输出 0.83s | 最终答案 6.81s
                 Token 输入 120 / 输出 222 | 生成 35.15 Token/s（引擎）

23:09:35  [请求] 24/63  A3：KV 理论容量 | seed 3413
                 ID A_kv-s3413
23:09:47  [结果] [######----------] 24/63  通过
                 总耗时 12.22s | 首输出 0.78s | 最终答案 11.68s
                 Token 输入 130 / 输出 403 | 生成 35.14 Token/s（引擎）

23:09:47  [请求] 25/63  A4：统一显存单位 | seed 3413
                 ID A_headroom-s3413
23:10:02  [进行] 请求 25/63 | 生成推理，尚未收到最终答案 | 输入 116 Token | 已用 15.01s
23:10:05  [结果] [######----------] 25/63  通过
                 总耗时 17.61s | 首输出 0.80s | 最终答案 16.93s
                 Token 输入 116 / 输出 593 | 生成 35.22 Token/s（引擎）

23:10:05  [请求] 26/63  A5：计时范围 | seed 3413
                 ID A_latency-s3413
23:10:12  [结果] [######----------] 26/63  通过
                 总耗时 6.96s | 首输出 0.78s | 最终答案 6.34s
                 Token 输入 137 / 输出 219 | 生成 35.29 Token/s（引擎）

23:10:12  [请求] 27/63  B1：平均值分母 | seed 3413
                 ID B_code_debug-s3413
23:10:27  [进行] 请求 27/63 | 生成推理，尚未收到最终答案 | 输入 137 Token | 已用 15.01s
23:10:42  [进行] 请求 27/63 | 生成推理，尚未收到最终答案 | 输入 137 Token | 已用 30.01s
23:10:57  [进行] 请求 27/63 | 生成推理，尚未收到最终答案 | 输入 137 Token | 已用 45.03s
23:11:12  [进行] 请求 27/63 | 生成推理，尚未收到最终答案 | 输入 137 Token | 已用 1m 00s
23:11:26  [结果] [######----------] 27/63  通过
                 总耗时 1m 13s | 首输出 0.88s | 最终答案 1m 12s
                 Token 输入 137 / 输出 2,530 | 生成 34.84 Token/s（引擎）

23:11:26  [请求] 28/63  B2：循环边界 | seed 3413
                 ID B_range-s3413
23:11:41  [进行] 请求 28/63 | 生成最终答案 | 输入 144 Token | 已用 15.01s
23:11:41  [结果] [#######---------] 28/63  通过
                 总耗时 14.94s | 首输出 0.84s | 最终答案 14.04s
                 Token 输入 144 / 输出 482 | 生成 34.12 Token/s（引擎）

23:11:41  [请求] 29/63  B3：单位常量 | seed 3413
                 ID B_units-s3413
23:11:53  [结果] [#######---------] 29/63  通过
                 总耗时 11.56s | 首输出 0.76s | 最终答案 10.79s
                 Token 输入 136 / 输出 380 | 生成 35.11 Token/s（引擎）

23:11:53  [请求] 30/63  B4：保留零值 | seed 3413
                 ID B_zero-s3413
23:12:08  [进行] 请求 30/63 | 生成推理，尚未收到最终答案 | 输入 142 Token | 已用 15.02s
23:12:09  [结果] [#######---------] 30/63  通过
                 总耗时 15.75s | 首输出 0.76s | 最终答案 15.13s
                 Token 输入 142 / 输出 531 | 生成 35.34 Token/s（引擎）

23:12:09  [请求] 31/63  B5：包含端点 | seed 3413
                 ID B_inclusive-s3413
23:12:24  [进行] 请求 31/63 | 生成推理，尚未收到最终答案 | 输入 128 Token | 已用 15.01s
23:12:38  [结果] [#######---------] 31/63  通过
                 总耗时 29.19s | 首输出 0.71s | 最终答案 28.49s
                 Token 输入 128 / 输出 994 | 生成 34.87 Token/s（引擎）

23:12:38  [请求] 32/63  C1：位置约束 | seed 3413
                 ID C_constraint_reasoning-s3413
23:12:51  [结果] [########--------] 32/63  通过
                 总耗时 12.51s | 首输出 0.70s | 最终答案 11.51s
                 Token 输入 120 / 输出 409 | 生成 34.54 Token/s（引擎）

23:12:51  [请求] 33/63  C2：依赖调度 | seed 3413
                 ID C_schedule-s3413
23:13:00  [结果] [########--------] 33/63  通过
                 总耗时 9.00s | 首输出 0.99s | 最终答案 8.51s
                 Token 输入 143 / 输出 283 | 生成 35.21 Token/s（引擎）

23:13:00  [请求] 34/63  C3：容量选择 | seed 3413
                 ID C_knapsack-s3413
23:13:07  [结果] [########--------] 34/63  通过
                 总耗时 6.29s | 首输出 0.84s | 最终答案 5.81s
                 Token 输入 144 / 输出 190 | 生成 34.73 Token/s（引擎）

23:13:07  [请求] 35/63  C4：可行排列计数 | seed 3413
                 ID C_count-s3413
23:13:18  [结果] [########--------] 35/63  通过
                 总耗时 10.78s | 首输出 0.74s | 最终答案 10.36s
                 Token 输入 111 / 输出 355 | 生成 35.26 Token/s（引擎）

23:13:18  [请求] 36/63  C5：不可满足约束 | seed 3413
                 ID C_unsat-s3413
23:13:22  [结果] [#########-------] 36/63  通过
                 总耗时 3.88s | 首输出 0.73s | 最终答案 3.57s
                 Token 输入 114 / 输出 112 | 生成 35.22 Token/s（引擎）

23:13:22  [请求] 37/63  E1：筛选排序 | seed 3413
                 ID E_instruction_following-s3413
23:13:29  [结果] [#########-------] 37/63  通过
                 总耗时 7.03s | 首输出 0.74s | 最终答案 6.60s
                 Token 输入 136 / 输出 223 | 生成 35.31 Token/s（引擎）

23:13:29  [请求] 38/63  E2：并列与边界 | seed 3413
                 ID E_ties-s3413
23:13:37  [结果] [#########-------] 38/63  通过
                 总耗时 7.96s | 首输出 0.69s | 最终答案 7.59s
                 Token 输入 128 / 输出 257 | 生成 35.22 Token/s（引擎）

23:13:37  [请求] 39/63  E3：版本与缺失 | seed 3413
                 ID E_versions-s3413
23:13:46  [结果] [#########-------] 39/63  通过
                 总耗时 8.27s | 首输出 0.73s | 最终答案 7.89s
                 Token 输入 145 / 输出 265 | 生成 35.01 Token/s（引擎）

23:13:46  [请求] 40/63  E4：类型与嵌套 | seed 3413
                 ID E_nested-s3413
23:13:52  [结果] [##########------] 40/63  通过
                 总耗时 5.72s | 首输出 0.75s | 最终答案 4.93s
                 Token 输入 135 / 输出 176 | 生成 35.18 Token/s（引擎）

23:13:52  [请求] 41/63  E5：空结果 | seed 3413
                 ID E_empty-s3413
23:13:58  [结果] [##########------] 41/63  通过
                 总耗时 6.61s | 首输出 0.71s | 最终答案 6.24s
                 Token 输入 130 / 输出 207 | 生成 34.91 Token/s（引擎）

23:13:58  [请求] 42/63  D：长文档检索 | seed 3413
                 ID D_long_context-s3413
23:14:13  [进行] 请求 42/63 | 生成推理，尚未收到最终答案 | 输入 4,605 Token | 已用 15.00s
23:14:28  [进行] 请求 42/63 | 生成推理，尚未收到最终答案 | 输入 4,605 Token | 已用 30.01s
23:14:43  [进行] 请求 42/63 | 生成推理，尚未收到最终答案 | 输入 4,605 Token | 已用 45.02s
23:14:58  [进行] 请求 42/63 | 生成推理，尚未收到最终答案 | 输入 4,605 Token | 已用 1m 00s
23:15:04  [结果] [##########------] 42/63  通过
                 总耗时 1m 05s | 首输出 6.10s | 最终答案 1m 03s
                 Token 输入 4,605 / 输出 2,058 | 生成 34.77 Token/s（引擎）

23:15:04  [请求] 43/63  A1：权重单位换算 | seed 3433
                 ID A_short_qa-s3433
23:15:19  [进行] 请求 43/63 | 生成推理，尚未收到最终答案 | 输入 119 Token | 已用 15.00s
23:15:28  [结果] [##########------] 43/63  通过
                 总耗时 23.70s | 首输出 0.80s | 最终答案 22.85s
                 Token 输入 119 / 输出 808 | 生成 35.24 Token/s（引擎）

23:15:28  [请求] 44/63  A2：量化块与填充 | seed 3433
                 ID A_block_padding-s3433
23:15:34  [结果] [###########-----] 44/63  通过
                 总耗时 6.15s | 首输出 0.73s | 最终答案 5.84s
                 Token 输入 120 / 输出 192 | 生成 35.24 Token/s（引擎）

23:15:34  [请求] 45/63  A3：KV 理论容量 | seed 3433
                 ID A_kv-s3433
23:15:49  [结果] [###########-----] 45/63  通过
                 总耗时 14.73s | 首输出 0.81s | 最终答案 14.14s
                 Token 输入 130 / 输出 492 | 生成 35.28 Token/s（引擎）

23:15:49  [请求] 46/63  A4：统一显存单位 | seed 3433
                 ID A_headroom-s3433
23:16:04  [进行] 请求 46/63 | 生成推理，尚未收到最终答案 | 输入 116 Token | 已用 15.01s
23:16:19  [进行] 请求 46/63 | 生成推理，尚未收到最终答案 | 输入 116 Token | 已用 30.01s
23:16:34  [进行] 请求 46/63 | 生成推理，尚未收到最终答案 | 输入 116 Token | 已用 45.03s
23:16:48  [结果] [###########-----] 46/63  通过
                 总耗时 59.17s | 首输出 0.77s | 最终答案 58.48s
                 Token 输入 116 / 输出 2,037 | 生成 34.87 Token/s（引擎）

23:16:48  [请求] 47/63  A5：计时范围 | seed 3433
                 ID A_latency-s3433
23:16:55  [结果] [###########-----] 47/63  通过
                 总耗时 6.73s | 首输出 0.76s | 最终答案 6.10s
                 Token 输入 137 / 输出 211 | 生成 35.17 Token/s（引擎）

23:16:55  [请求] 48/63  B1：平均值分母 | seed 3433
                 ID B_code_debug-s3433
23:17:10  [进行] 请求 48/63 | 生成推理，尚未收到最终答案 | 输入 137 Token | 已用 15.01s
23:17:16  [结果] [############----] 48/63  通过
                 总耗时 20.06s | 首输出 0.98s | 最终答案 19.50s
                 Token 输入 137 / 输出 673 | 生成 35.21 Token/s（引擎）

23:17:16  [请求] 49/63  B2：循环边界 | seed 3433
                 ID B_range-s3433
23:17:27  [结果] [############----] 49/63  通过
                 总耗时 11.00s | 首输出 0.82s | 最终答案 10.09s
                 Token 输入 144 / 输出 357 | 生成 34.96 Token/s（引擎）

23:17:27  [请求] 50/63  B3：单位常量 | seed 3433
                 ID B_units-s3433
23:17:35  [结果] [############----] 50/63  通过
                 总耗时 8.17s | 首输出 0.74s | 最终答案 7.41s
                 Token 输入 136 / 输出 261 | 生成 34.99 Token/s（引擎）

23:17:35  [请求] 51/63  B4：保留零值 | seed 3433
                 ID B_zero-s3433
23:17:50  [进行] 请求 51/63 | 生成推理，尚未收到最终答案 | 输入 142 Token | 已用 14.99s
23:18:05  [进行] 请求 51/63 | 生成推理，尚未收到最终答案 | 输入 142 Token | 已用 29.99s
23:18:16  [结果] [############----] 51/63  通过
                 总耗时 40.50s | 首输出 0.69s | 最终答案 39.87s
                 Token 输入 142 / 输出 1,386 | 生成 34.79 Token/s（引擎）

23:18:16  [请求] 52/63  B5：包含端点 | seed 3433
                 ID B_inclusive-s3433
23:18:24  [结果] [#############---] 52/63  通过
                 总耗时 8.03s | 首输出 0.70s | 最终答案 7.38s
                 Token 输入 128 / 输出 257 | 生成 34.91 Token/s（引擎）

23:18:24  [请求] 53/63  C1：位置约束 | seed 3433
                 ID C_constraint_reasoning-s3433
23:18:37  [结果] [#############---] 53/63  通过
                 总耗时 12.34s | 首输出 0.65s | 最终答案 11.86s
                 Token 输入 120 / 输出 414 | 生成 35.34 Token/s（引擎）

23:18:37  [请求] 54/63  C2：依赖调度 | seed 3433
                 ID C_schedule-s3433
23:18:44  [结果] [#############---] 54/63  通过
                 总耗时 7.06s | 首输出 0.73s | 最终答案 6.58s
                 Token 输入 143 / 输出 220 | 生成 34.57 Token/s（引擎）

23:18:44  [请求] 55/63  C3：容量选择 | seed 3433
                 ID C_knapsack-s3433
23:18:52  [结果] [#############---] 55/63  通过
                 总耗时 8.07s | 首输出 0.78s | 最终答案 7.58s
                 Token 输入 144 / 输出 254 | 生成 34.70 Token/s（引擎）

23:18:52  [请求] 56/63  C4：可行排列计数 | seed 3433
                 ID C_count-s3433
23:19:03  [结果] [##############--] 56/63  通过
                 总耗时 10.89s | 首输出 0.62s | 最终答案 10.46s
                 Token 输入 111 / 输出 363 | 生成 35.27 Token/s（引擎）

23:19:03  [请求] 57/63  C5：不可满足约束 | seed 3433
                 ID C_unsat-s3433
23:19:08  [结果] [##############--] 57/63  通过
                 总耗时 4.80s | 首输出 0.74s | 最终答案 4.49s
                 Token 输入 114 / 输出 144 | 生成 35.23 Token/s（引擎）

23:19:08  [请求] 58/63  E1：筛选排序 | seed 3433
                 ID E_instruction_following-s3433
23:19:14  [结果] [##############--] 58/63  通过
                 总耗时 5.51s | 首输出 0.74s | 最终答案 5.09s
                 Token 输入 136 / 输出 169 | 生成 35.20 Token/s（引擎）

23:19:14  [请求] 59/63  E2：并列与边界 | seed 3433
                 ID E_ties-s3433
23:19:21  [结果] [##############--] 59/63  通过
                 总耗时 6.44s | 首输出 0.75s | 最终答案 6.07s
                 Token 输入 128 / 输出 200 | 生成 34.96 Token/s（引擎）

23:19:21  [请求] 60/63  E3：版本与缺失 | seed 3433
                 ID E_versions-s3433
23:19:29  [结果] [###############-] 60/63  通过
                 总耗时 8.40s | 首输出 0.70s | 最终答案 8.02s
                 Token 输入 145 / 输出 268 | 生成 34.66 Token/s（引擎）

23:19:29  [请求] 61/63  E4：类型与嵌套 | seed 3433
                 ID E_nested-s3433
23:19:35  [结果] [###############-] 61/63  通过
                 总耗时 5.67s | 首输出 0.75s | 最终答案 4.87s
                 Token 输入 135 / 输出 174 | 生成 35.21 Token/s（引擎）

23:19:35  [请求] 62/63  E5：空结果 | seed 3433
                 ID E_empty-s3433
23:19:40  [结果] [###############-] 62/63  通过
                 总耗时 4.49s | 首输出 0.70s | 最终答案 4.10s
                 Token 输入 130 / 输出 133 | 生成 34.86 Token/s（引擎）

23:19:40  [请求] 63/63  D：长文档检索 | seed 3433
                 ID D_long_context-s3433
23:19:55  [进行] 请求 63/63 | 生成推理，尚未收到最终答案 | 输入 4,599 Token | 已用 15.00s
23:20:10  [进行] 请求 63/63 | 生成推理，尚未收到最终答案 | 输入 4,599 Token | 已用 30.01s
23:20:20  [结果] [################] 63/63  通过
                 总耗时 39.79s | 首输出 6.07s | 最终答案 37.14s
                 Token 输入 4,599 / 输出 1,176 | 生成 34.85 Token/s（引擎）

